[denny-bella.dgsign.id/index.html]
[backblue.gif]
[fade.gif]
[index.html]
[dgsign.space/wp-content/plugins/dynamic-content-for-elementor/assets/css/animations5d00.css]
[dgsign.space/wp-content/plugins/weddingpress/assets/css/modules/bdt-uikit5829.css]
[dgsign.space/wp-content/plugins/weddingpress/assets/css/modules/ep-helperaeb9.css]
[dgsign.space/wp-includes/css/dist/block-library/style.min3781.css]
[dgsign.space/wp-content/uploads/useanyfont/uaf30b6.css]
[dgsign.space/wp-content/plugins/weddingpress/assets/css/exad-styles.min3781.css]
[dgsign.space/wp-content/plugins/weddingpress/addons/comment-kit2/css/cui_style8a54.css]
[dgsign.space/wp-content/themes/hello-elementor/style.min1102.css]
[dgsign.space/wp-content/themes/hello-elementor/theme.min1102.css]
[dgsign.space/wp-content/plugins/elementor/assets/lib/eicons/css/elementor-icons.minfc13.css]
[dgsign.space/wp-content/plugins/elementor/assets/css/frontend-legacy.mina1c3.css]
[dgsign.space/wp-content/plugins/elementor/assets/css/frontend.mina1c3.css]
[dgsign.space/wp-content/uploads/2023/08/054A6737-scaled.jpg]
[dgsign.space/wp-content/uploads/2023/08/Artboard-2@3x-scaled.jpg]
[dgsign.space/wp-content/uploads/2023/08/Batik-Background-Pattern-Grey-White-1.png]
[dgsign.space/wp-content/uploads/2023/08/Invited-Layer-e1691850579118.jpg]
[dgsign.space/wp-content/uploads/2023/08/Batik-Background-Pattern-Grey-White.png]
[dgsign.space/wp-content/uploads/2023/08/Artboard-5@3x-scaled.jpg]
[dgsign.space/wp-content/uploads/2023/08/INVITED-400-X-845.jpg]
[dgsign.space/wp-content/plugins/elementor/assets/lib/swiper/css/swiper.min48f5.css]
[dgsign.space/wp-includes/css/dashicons.min3781.css]
[dgsign.space/wp-content/plugins/elementor-pro/assets/css/frontend.mina1c3.css]
[dgsign.space/wp-content/plugins/weddingpress/assets/css/wdpaeb9.css]
[dgsign.space/wp-content/plugins/weddingpress/assets/css/guest-bookaeb9.css]
[dgsign.space/wp-content/plugins/elementor/assets/lib/font-awesome/css/all.mina1c3.css]
[dgsign.space/wp-content/plugins/elementor/assets/lib/font-awesome/css/v4-shims.mina1c3.css]
[dgsign.space/wp-content/plugins/elementor/assets/lib/font-awesome/css/fontawesome.min52d5.css]
[dgsign.space/wp-content/plugins/elementor/assets/lib/font-awesome/css/brands.min52d5.css]
[dgsign.space/wp-includes/js/jquery/jquery.min5aed.js]
[dgsign.space/wp-includes/js/jquery/jquery-migrate.min6b00.js]
[dgsign.space/wp-content/plugins/elementor/assets/lib/font-awesome/js/v4-shims.mina1c3.js]
[dgsign.space/wp-content/uploads/2023/07/cropped-the__2_-removebg-preview-32x32.png]
[dgsign.space/wp-content/uploads/2023/07/cropped-the__2_-removebg-preview-192x192.png]
[dgsign.space/wp-content/uploads/2023/07/cropped-the__2_-removebg-preview-180x180.png]
[dgsign.space/wp-content/uploads/2023/08/Logo-DB-Putih-856x1024.png]
[dgsign.space/wp-content/uploads/2023/08/Logo-DB-Hitam.png]
[dgsign.space/wp-content/uploads/2023/08/Joglo-Krem-1024x581.png]
[dgsign.space/wp-content/uploads/2023/07/FJB_1288-scaled-e1691909971110.jpg]
[dgsign.space/wp-content/uploads/2023/07/FJB_1461-scaled-e1691910007302.jpg]
[dgsign.space/wp-content/uploads/2023/08/Awan-_-Gunungan-Bawah-1-e1691908813430.png]
[dgsign.space/wp-content/uploads/2023/08/054A6372-scaled.jpg]
[dgsign.space/wp-content/uploads/2023/08/Transisi-Lancip-Atas-e1691852473453.png]
[dgsign.space/wp-content/uploads/2023/05/plane.png]
[invitationwedding.id/wp-content/uploads/2020/09/Group-12-1.png]
[dgsign.space/wp-content/uploads/2023/08/FJB_1933-scaled.jpg]
[dgsign.space/wp-content/uploads/elementor/thumbs/FJB_1933-scaled-qasrurudmydev6iezrzkxn8jpilg1l4p80p0uskh80.jpg]
[dgsign.space/wp-content/uploads/2023/08/FJB_1950-scaled.jpg]
[dgsign.space/wp-content/uploads/elementor/thumbs/FJB_1950-scaled-qasrujdtxg1tyoupd6bxt7ded1r54b746utnjax0s0.jpg]
[dgsign.space/wp-content/uploads/2023/08/FJB_1958-scaled.jpg]
[dgsign.space/wp-content/uploads/elementor/thumbs/FJB_1958-scaled-qasrubv4errjdt5ml32x999plys7eqd9htlrp3865s.jpg]
[dgsign.space/wp-content/uploads/2023/08/FJB_2057-scaled.jpg]
[dgsign.space/wp-content/uploads/elementor/thumbs/FJB_2057-scaled-qasru4cew3h8sxgjsztwpb60uvt9p5jessdvuvjbjk.jpg]
[dgsign.space/wp-content/uploads/2023/08/054A6110-scaled.jpg]
[dgsign.space/wp-content/uploads/2023/08/FJB_1706-scaled.jpg]
[dgsign.space/wp-content/uploads/2023/08/FJB_1727-scaled.jpg]
[dgsign.space/wp-content/uploads/2023/08/054A6153-scaled.jpg]
[dgsign.space/wp-content/uploads/2023/08/054A6636-scaled.jpg]
[dgsign.space/wp-content/uploads/2023/08/054A6656-scaled.jpg]
[dgsign.space/wp-content/uploads/2023/08/054A5373-scaled.jpg]
[dgsign.space/wp-content/uploads/2023/08/054A5612-scaled.jpg]
[dgsign.space/wp-content/uploads/2023/08/054A5381-scaled-e1691851108428.jpg]
[dgsign.space/wp-content/uploads/2023/08/054A6426-scaled-e1691850837596.jpg]
[dgsign.space/wp-content/uploads/2023/08/Logo-DB-Hitam-856x1024.png]
[dgsign.space/wp-content/plugins/dynamic-content-for-elementor/assets/css/style.min5d00.css]
[dgsign.space/wp-content/plugins/dynamic-content-for-elementor/assets/css/dynamic-visibility.min5d00.css]
[dgsign.space/wp-content/plugins/elementor/assets/lib/e-gallery/css/e-gallery.min7359.css]
[dgsign.space/wp-content/plugins/elementor/assets/lib/animations/animations.mina1c3.css]
[dgsign.space/wp-content/plugins/weddingpress/assets/js/wdp-swiper.min.js]
[dgsign.space/wp-content/plugins/weddingpress/assets/js/qr-code.js]
[dgsign.space/wp-content/plugins/weddingpress/assets/js/exad-scripts.minaeb9.js]
[dgsign.space/wp-content/plugins/weddingpress/addons/comment-kit2/js/cui_script8a54.js]
[dgsign.space/wp-content/plugins/weddingpress/addons/comment-kit2/js/libs/jquery.textareaCounterd5f7.js]
[dgsign.space/wp-content/plugins/weddingpress/addons/comment-kit2/js/libs/jquery.placeholder.min5d0a.js]
[dgsign.space/wp-content/plugins/weddingpress/addons/comment-kit2/js/libs/autosize.mind50e.js]
[dgsign.space/wp-content/plugins/elementor/assets/lib/jquery-numerator/jquery-numerator.min3958.js]
[dgsign.space/wp-content/plugins/dynamic-content-for-elementor/assets/lib/expressionlanguage/expressionlanguage.min5d00.js]
[dgsign.space/wp-content/plugins/dynamic-content-for-elementor/assets/js/fix-background-loop.min5d00.js]
[dgsign.space/wp-content/plugins/dynamic-content-for-elementor/assets/js/settings.min5d00.js]
[dgsign.space/wp-content/plugins/dynamic-content-for-elementor/assets/js/conditional-fields.min5d00.js]
[dgsign.space/wp-content/plugins/elementor/assets/lib/e-gallery/js/e-gallery.min7359.js]
[dgsign.space/wp-content/plugins/elementor-pro/assets/js/webpack-pro.runtime.mina1c3.js]
[dgsign.space/wp-content/plugins/elementor/assets/js/webpack.runtime.mina1c3.js]
[dgsign.space/wp-content/plugins/elementor/assets/js/frontend-modules.mina1c3.js]
[dgsign.space/wp-includes/js/dist/vendor/wp-polyfill-inert.min0226.js]
[dgsign.space/wp-includes/js/dist/vendor/regenerator-runtime.min8fa4.js]
[dgsign.space/wp-includes/js/dist/vendor/wp-polyfill.min2c7c.js]
[dgsign.space/wp-includes/js/dist/hooks.min6c65.js]
[dgsign.space/wp-includes/js/dist/i18n.mine57b.js]
[dgsign.space/wp-content/plugins/elementor-pro/assets/js/frontend.mina1c3.js]
[dgsign.space/wp-content/plugins/elementor/assets/lib/waypoints/waypoints.min05da.js]
[dgsign.space/wp-includes/js/jquery/ui/core.min3f14.js]
[dgsign.space/wp-content/plugins/elementor/assets/lib/swiper/swiper.min48f5.js]
[dgsign.space/wp-content/plugins/elementor/assets/lib/share-link/share-link.mina1c3.js]
[dgsign.space/wp-content/plugins/elementor/assets/lib/dialog/dialog.mind227.js]
[dgsign.space/wp-content/plugins/elementor/assets/js/frontend.mina1c3.js]
[dgsign.space/wp-content/plugins/elementor-pro/assets/js/preloaded-elements-handlers.mina1c3.js]
[dgsign.space/wp-content/plugins/weddingpress/assets/js/modules/bdt-uikit5829.js]
[dgsign.space/wp-content/plugins/elementor/assets/js/preloaded-modules.mina1c3.js]
[dgsign.space/wp-content/plugins/elementor-pro/assets/lib/sticky/jquery.sticky.mina1c3.js]
[dgsign.space/wp-content/plugins/weddingpress/assets/js/wdp.minaeb9.js]
[denny-bella.dgsign.id/index.html]
[dgsign.space/wp-content/plugins/dynamic-content-for-elementor/assets/css/animations5d00.css]
[dgsign.space/wp-content/plugins/weddingpress/assets/css/modules/bdt-uikit5829.css]
[dgsign.space/wp-content/plugins/weddingpress/assets/css/modules/ep-helperaeb9.css]
[dgsign.space/wp-includes/css/dist/block-library/style.min3781.css]
[dgsign.space/wp-includes/css/classic-themes.min3781.css]
[dgsign.space/wp-content/uploads/useanyfont/483Cormorant-Upright.woff2]
[dgsign.space/wp-content/uploads/useanyfont/483Cormorant-Upright.woff]
[dgsign.space/wp-content/uploads/useanyfont/6668Cera-Pro-Light.woff2]
[dgsign.space/wp-content/uploads/useanyfont/6668Cera-Pro-Light.woff]
[dgsign.space/wp-content/uploads/useanyfont/1886Cera-Pro-Medium.woff2]
[dgsign.space/wp-content/uploads/useanyfont/1886Cera-Pro-Medium.woff]
[dgsign.space/wp-content/uploads/useanyfont/3064Gilroy.woff2]
[dgsign.space/wp-content/uploads/useanyfont/3064Gilroy.woff]
[dgsign.space/wp-content/uploads/useanyfont/2228Cinzel-Deco-Reg.woff2]
[dgsign.space/wp-content/uploads/useanyfont/2228Cinzel-Deco-Reg.woff]
[dgsign.space/wp-content/uploads/useanyfont/7980Belleza.woff2]
[dgsign.space/wp-content/uploads/useanyfont/7980Belleza.woff]
[dgsign.space/wp-content/uploads/useanyfont/1482Explora-Reguler.woff2]
[dgsign.space/wp-content/uploads/useanyfont/1482Explora-Reguler.woff]
[dgsign.space/wp-content/uploads/useanyfont/2093Brittany.woff2]
[dgsign.space/wp-content/uploads/useanyfont/2093Brittany.woff]
[dgsign.space/wp-content/uploads/useanyfont/5040bellota-Reg.woff2]
[dgsign.space/wp-content/uploads/useanyfont/5040bellota-Reg.woff]
[dgsign.space/wp-content/uploads/useanyfont/2969Cormorant-Unicase-Re.woff2]
[dgsign.space/wp-content/uploads/useanyfont/2969Cormorant-Unicase-Re.woff]
[dgsign.space/wp-content/uploads/useanyfont/6172Cormorant-Infant-Reg.woff2]
[dgsign.space/wp-content/uploads/useanyfont/6172Cormorant-Infant-Reg.woff]
[dgsign.space/wp-content/uploads/useanyfont/5508Pinyon-Script.woff2]
[dgsign.space/wp-content/uploads/useanyfont/5508Pinyon-Script.woff]
[dgsign.space/wp-content/uploads/useanyfont/9888Raleway.woff2]
[dgsign.space/wp-content/uploads/useanyfont/9888Raleway.woff]
[dgsign.space/wp-content/uploads/useanyfont/4603Opti-Naval.woff2]
[dgsign.space/wp-content/uploads/useanyfont/4603Opti-Naval.woff]
[dgsign.space/wp-content/uploads/useanyfont/3385Tangerine.woff2]
[dgsign.space/wp-content/uploads/useanyfont/3385Tangerine.woff]
[dgsign.space/wp-content/uploads/useanyfont/1178Miss-Fajardose.woff2]
[dgsign.space/wp-content/uploads/useanyfont/1178Miss-Fajardose.woff]
[dgsign.space/wp-content/uploads/useanyfont/806Fleur-de-Leah.woff2]
[dgsign.space/wp-content/uploads/useanyfont/806Fleur-de-Leah.woff]
[dgsign.space/wp-content/uploads/useanyfont/6586Bonheur-Royale.woff2]
[dgsign.space/wp-content/uploads/useanyfont/6586Bonheur-Royale.woff]
[dgsign.space/wp-content/uploads/useanyfont/8062Imprima.woff2]
[dgsign.space/wp-content/uploads/useanyfont/8062Imprima.woff]
[dgsign.space/wp-content/uploads/useanyfont/9061Elmessiri.woff2]
[dgsign.space/wp-content/uploads/useanyfont/9061Elmessiri.woff]
[dgsign.space/wp-content/uploads/useanyfont/8568Dosis.woff2]
[dgsign.space/wp-content/uploads/useanyfont/8568Dosis.woff]
[dgsign.space/wp-content/uploads/useanyfont/4520Arsenal.woff2]
[dgsign.space/wp-content/uploads/useanyfont/4520Arsenal.woff]
[dgsign.space/wp-content/uploads/useanyfont/8051Yesterday.woff2]
[dgsign.space/wp-content/uploads/useanyfont/8051Yesterday.woff]
[dgsign.space/wp-content/uploads/useanyfont/3974Calendas.woff2]
[dgsign.space/wp-content/uploads/useanyfont/3974Calendas.woff]
[dgsign.space/wp-content/uploads/useanyfont/8946Callem.woff2]
[dgsign.space/wp-content/uploads/useanyfont/8946Callem.woff]
[dgsign.space/wp-content/uploads/useanyfont/3243The-Season.woff2]
[dgsign.space/wp-content/uploads/useanyfont/3243The-Season.woff]
[dgsign.space/wp-content/uploads/useanyfont/8201Old-Standard.woff2]
[dgsign.space/wp-content/uploads/useanyfont/8201Old-Standard.woff]
[dgsign.space/wp-content/uploads/useanyfont/8119The-Season-Light.woff2]
[dgsign.space/wp-content/uploads/useanyfont/8119The-Season-Light.woff]
[dgsign.space/wp-content/uploads/useanyfont/6082Forum.woff2]
[dgsign.space/wp-content/uploads/useanyfont/6082Forum.woff]
[dgsign.space/wp-content/uploads/useanyfont/4085Allison.woff2]
[dgsign.space/wp-content/uploads/useanyfont/4085Allison.woff]
[dgsign.space/wp-content/uploads/useanyfont/9606Eagle-Lake.woff2]
[dgsign.space/wp-content/uploads/useanyfont/9606Eagle-Lake.woff]
[dgsign.space/wp-content/uploads/useanyfont/3767Aladin.woff2]
[dgsign.space/wp-content/uploads/useanyfont/3767Aladin.woff]
[dgsign.space/wp-content/uploads/useanyfont/6203Libre-Caslon.woff2]
[dgsign.space/wp-content/uploads/useanyfont/6203Libre-Caslon.woff]
[dgsign.space/wp-content/uploads/useanyfont/9353Junge.woff2]
[dgsign.space/wp-content/uploads/useanyfont/9353Junge.woff]
[dgsign.space/wp-content/uploads/useanyfont/6528Italiana.woff2]
[dgsign.space/wp-content/uploads/useanyfont/6528Italiana.woff]
[dgsign.space/wp-content/uploads/useanyfont/5502Antic-Didone.woff2]
[dgsign.space/wp-content/uploads/useanyfont/5502Antic-Didone.woff]
[dgsign.space/wp-content/uploads/useanyfont/3796Lovelace.woff2]
[dgsign.space/wp-content/uploads/useanyfont/3796Lovelace.woff]
[dgsign.space/wp-content/uploads/useanyfont/8538Ricordi-Nobili.woff2]
[dgsign.space/wp-content/uploads/useanyfont/8538Ricordi-Nobili.woff]
[dgsign.space/wp-content/uploads/useanyfont/1684Safira-March.woff2]
[dgsign.space/wp-content/uploads/useanyfont/1684Safira-March.woff]
[dgsign.space/wp-content/uploads/useanyfont/2357Perandory.woff2]
[dgsign.space/wp-content/uploads/useanyfont/2357Perandory.woff]
[dgsign.space/wp-content/uploads/useanyfont/8389Oruguitas.woff2]
[dgsign.space/wp-content/uploads/useanyfont/8389Oruguitas.woff]
[dgsign.space/wp-content/uploads/useanyfont/9033Now-Light.woff2]
[dgsign.space/wp-content/uploads/useanyfont/9033Now-Light.woff]
[dgsign.space/wp-content/uploads/useanyfont/5925Migra-Extralight.woff2]
[dgsign.space/wp-content/uploads/useanyfont/5925Migra-Extralight.woff]
[dgsign.space/wp-content/uploads/useanyfont/6357Lobster-Two.woff2]
[dgsign.space/wp-content/uploads/useanyfont/6357Lobster-Two.woff]
[dgsign.space/wp-content/uploads/useanyfont/2029Hatton.woff2]
[dgsign.space/wp-content/uploads/useanyfont/2029Hatton.woff]
[dgsign.space/wp-content/uploads/useanyfont/9372Dream-Avenue.woff2]
[dgsign.space/wp-content/uploads/useanyfont/9372Dream-Avenue.woff]
[dgsign.space/wp-content/uploads/useanyfont/8548Brown-Sugar.woff2]
[dgsign.space/wp-content/uploads/useanyfont/8548Brown-Sugar.woff]
[dgsign.space/wp-content/uploads/useanyfont/6079Bolkit-Rayek.woff2]
[dgsign.space/wp-content/uploads/useanyfont/6079Bolkit-Rayek.woff]
[dgsign.space/wp-content/uploads/useanyfont/4548Bad-Russian.woff2]
[dgsign.space/wp-content/uploads/useanyfont/4548Bad-Russian.woff]
[dgsign.space/wp-content/uploads/useanyfont/6809Aileron.woff2]
[dgsign.space/wp-content/uploads/useanyfont/6809Aileron.woff]
[dgsign.space/wp-content/uploads/useanyfont/8328Great-Vibes.woff2]
[dgsign.space/wp-content/uploads/useanyfont/8328Great-Vibes.woff]
[dgsign.space/wp-content/uploads/useanyfont/5460Charm.woff2]
[dgsign.space/wp-content/uploads/useanyfont/5460Charm.woff]
[dgsign.space/wp-content/uploads/useanyfont/1481Felidae.woff2]
[dgsign.space/wp-content/uploads/useanyfont/1481Felidae.woff]
[dgsign.space/wp-content/uploads/useanyfont/6383Funky-Signature.woff2]
[dgsign.space/wp-content/uploads/useanyfont/6383Funky-Signature.woff]
[dgsign.space/wp-content/uploads/useanyfont/3357Made-Mirage-Thin.woff2]
[dgsign.space/wp-content/uploads/useanyfont/3357Made-Mirage-Thin.woff]
[dgsign.space/wp-content/uploads/useanyfont/7974Made-Bon-Voyage-Thin.woff2]
[dgsign.space/wp-content/uploads/useanyfont/7974Made-Bon-Voyage-Thin.woff]
[dgsign.space/wp-content/uploads/useanyfont/8069Manrope.woff2]
[dgsign.space/wp-content/uploads/useanyfont/8069Manrope.woff]
[dgsign.space/wp-content/uploads/useanyfont/1424Sprat-Regular-Thin.woff2]
[dgsign.space/wp-content/uploads/useanyfont/1424Sprat-Regular-Thin.woff]
[dgsign.space/wp-content/uploads/useanyfont/2082Collection.woff2]
[dgsign.space/wp-content/uploads/useanyfont/2082Collection.woff]
[dgsign.space/wp-content/uploads/useanyfont/3675Ribeye.woff2]
[dgsign.space/wp-content/uploads/useanyfont/3675Ribeye.woff]
[dgsign.space/wp-content/uploads/useanyfont/2546Hidayatullah.woff2]
[dgsign.space/wp-content/uploads/useanyfont/2546Hidayatullah.woff]
[dgsign.space/wp-content/uploads/useanyfont/3717Khodijah.woff2]
[dgsign.space/wp-content/uploads/useanyfont/3717Khodijah.woff]
[dgsign.space/wp-content/uploads/useanyfont/7377Playfair-Display.woff2]
[dgsign.space/wp-content/uploads/useanyfont/7377Playfair-Display.woff]
[dgsign.space/wp-content/uploads/useanyfont/4895Bad-Script.woff2]
[dgsign.space/wp-content/uploads/useanyfont/4895Bad-Script.woff]
[dgsign.space/wp-content/uploads/useanyfont/2060Windsong.woff2]
[dgsign.space/wp-content/uploads/useanyfont/2060Windsong.woff]
[dgsign.space/wp-content/uploads/useanyfont/6871Elsie-Swash-Caps.woff2]
[dgsign.space/wp-content/uploads/useanyfont/6871Elsie-Swash-Caps.woff]
[dgsign.space/wp-content/uploads/useanyfont/5773Quicksand-Bold.woff2]
[dgsign.space/wp-content/uploads/useanyfont/5773Quicksand-Bold.woff]
[dgsign.space/wp-content/uploads/useanyfont/1671Quicksand-semibold.woff2]
[dgsign.space/wp-content/uploads/useanyfont/1671Quicksand-semibold.woff]
[dgsign.space/wp-content/uploads/useanyfont/2779Mifelin.woff2]
[dgsign.space/wp-content/uploads/useanyfont/2779Mifelin.woff]
[dgsign.space/wp-content/uploads/useanyfont/5282Nebulen.woff2]
[dgsign.space/wp-content/uploads/useanyfont/5282Nebulen.woff]
[dgsign.space/wp-content/uploads/useanyfont/4868Guffie.woff2]
[dgsign.space/wp-content/uploads/useanyfont/4868Guffie.woff]
[dgsign.space/wp-content/uploads/useanyfont/2185Chavak.woff2]
[dgsign.space/wp-content/uploads/useanyfont/2185Chavak.woff]
[dgsign.space/wp-content/uploads/useanyfont/5471Salvager.woff2]
[dgsign.space/wp-content/uploads/useanyfont/5471Salvager.woff]
[dgsign.space/wp-content/uploads/useanyfont/1515Lastri.woff2]
[dgsign.space/wp-content/uploads/useanyfont/1515Lastri.woff]
[dgsign.space/wp-content/uploads/useanyfont/300Valuxe.woff2]
[dgsign.space/wp-content/uploads/useanyfont/300Valuxe.woff]
[dgsign.space/wp-content/uploads/useanyfont/6627Facelio.woff2]
[dgsign.space/wp-content/uploads/useanyfont/6627Facelio.woff]
[dgsign.space/wp-content/uploads/useanyfont/4475Alevia.woff2]
[dgsign.space/wp-content/uploads/useanyfont/4475Alevia.woff]
[dgsign.space/wp-content/uploads/useanyfont/3014Melinda-Evania.woff2]
[dgsign.space/wp-content/uploads/useanyfont/3014Melinda-Evania.woff]
[dgsign.space/wp-content/uploads/useanyfont/6670Gullia.woff2]
[dgsign.space/wp-content/uploads/useanyfont/6670Gullia.woff]
[dgsign.space/wp-content/uploads/useanyfont/1803Ysabeau-Office.woff2]
[dgsign.space/wp-content/uploads/useanyfont/1803Ysabeau-Office.woff]
[dgsign.space/wp-content/uploads/useanyfont/uaf30b6.css]
[dgsign.space/wp-content/plugins/weddingpress/assets/css/exad-styles.min3781.css]
[dgsign.space/wp-content/plugins/weddingpress/addons/comment-kit2/css/fonts/cuifont7137.eot]
[dgsign.space/wp-content/plugins/weddingpress/addons/comment-kit2/css/fonts/cuifont7137.ttf]
[dgsign.space/wp-content/plugins/weddingpress/addons/comment-kit2/css/fonts/cuifont7137.woff]
[dgsign.space/wp-content/plugins/weddingpress/addons/comment-kit2/css/fonts/cuifont7137.svg]
[dgsign.space/wp-content/plugins/weddingpress/addons/comment-kit2/css/images/modal_x.png]
[dgsign.space/wp-content/plugins/weddingpress/addons/comment-kit2/css/cui_style8a54.css]
[dgsign.space/wp-content/themes/hello-elementor/style.min1102.css]
[dgsign.space/wp-content/themes/hello-elementor/theme.min1102.css]
[dgsign.space/wp-content/plugins/elementor/assets/lib/eicons/css/elementor-icons.minfc13.css]
[dgsign.space/wp-content/plugins/elementor/assets/css/frontend-legacy.mina1c3.css]
[dgsign.space/wp-content/plugins/elementor/assets/css/frontend.mina1c3.css]
[dgsign.space/wp-content/plugins/elementor/assets/lib/swiper/css/swiper.min48f5.css]
[dgsign.space/wp-includes/css/dashicons.min3781.css]
[dgsign.space/wp-content/plugins/elementor-pro/assets/css/frontend.mina1c3.css]
[dgsign.space/wp-content/plugins/weddingpress/assets/css/wdpaeb9.css]
[dgsign.space/wp-content/plugins/weddingpress/assets/css/guest-bookaeb9.css]
[dgsign.space/wp-content/plugins/elementor/assets/lib/font-awesome/css/all.mina1c3.css]
[dgsign.space/wp-content/plugins/elementor/assets/lib/font-awesome/css/v4-shims.mina1c3.css]
[dgsign.space/wp-content/plugins/elementor/assets/lib/font-awesome/css/fontawesome.min52d5.css]
[dgsign.space/wp-content/plugins/elementor/assets/lib/font-awesome/css/brands.min52d5.css]
[dgsign.space/wp-content/plugins/dynamic-content-for-elementor/assets/css/style.min5d00.css]
[dgsign.space/wp-content/plugins/dynamic-content-for-elementor/assets/css/dynamic-visibility.min5d00.css]
[dgsign.space/wp-content/plugins/elementor/assets/lib/e-gallery/css/e-gallery.min7359.css]
[dgsign.space/wp-content/plugins/elementor/assets/lib/animations/animations.mina1c3.css]
[dgsign.space/wp-content/plugins/weddingpress/addons/comment-kit2/css/fonts/cuifont7137.svg]
[dgsign.space/wp-content/plugins/weddingpress/addons/comment-kit2/css/images/modal_x.html]
